Copyright 1986-2020 Xilinx, Inc. All Rights Reserved.
-------------------------------------------------------------------------------------------------------------------------------------------
| Tool Version     : Vivado v.2020.1 (win64) Build 2902540 Wed May 27 19:54:49 MDT 2020
| Date             : Tue Nov  3 19:45:52 2020
| Host             : CathComp running 64-bit major release  (build 9200)
| Command          : report_power -file Wrapper_power_routed.rpt -pb Wrapper_power_summary_routed.pb -rpx Wrapper_power_routed.rpx
| Design           : Wrapper
| Device           : xc7a100tcsg324-1
| Design State     : routed
| Grade            : commercial
| Process          : typical
| Characterization : Production
-------------------------------------------------------------------------------------------------------------------------------------------

Power Report

Table of Contents
-----------------
1. Summary
1.1 On-Chip Components
1.2 Power Supply Summary
1.3 Confidence Level
2. Settings
2.1 Environment
2.2 Clock Constraints
3. Detailed Reports
3.1 By Hierarchy

1. Summary
----------

+--------------------------+----------------------------------+
| Total On-Chip Power (W)  | 69.654 (Junction temp exceeded!) |
| Design Power Budget (W)  | Unspecified*                     |
| Power Budget Margin (W)  | NA                               |
| Dynamic (W)              | 68.845                           |
| Device Static (W)        | 0.808                            |
| Effective TJA (C/W)      | 4.6                              |
| Max Ambient (C)          | 0.0                              |
| Junction Temperature (C) | 125.0                            |
| Confidence Level         | Low                              |
| Setting File             | ---                              |
| Simulation Activity File | ---                              |
| Design Nets Matched      | NA                               |
+--------------------------+----------------------------------+
* Specify Design Power Budget using, set_operating_conditions -design_power_budget <value in Watts>


1.1 On-Chip Components
----------------------

+-------------------------+-----------+----------+-----------+-----------------+
| On-Chip                 | Power (W) | Used     | Available | Utilization (%) |
+-------------------------+-----------+----------+-----------+-----------------+
| Slice Logic             |    31.000 |     6154 |       --- |             --- |
|   LUT as Logic          |    30.389 |     3446 |     63400 |            5.44 |
|   Register              |     0.527 |     1687 |    126800 |            1.33 |
|   F7/F8 Muxes           |     0.041 |       16 |     63400 |            0.03 |
|   BUFG                  |     0.029 |        2 |        32 |            6.25 |
|   CARRY4                |     0.014 |       47 |     15850 |            0.30 |
|   LUT as Shift Register |    <0.001 |        2 |     19000 |            0.01 |
|   Others                |     0.000 |      510 |       --- |             --- |
| Signals                 |    33.519 |     5304 |       --- |             --- |
| Block RAM               |     1.283 |     18.5 |       135 |           13.70 |
| DSPs                    |     0.188 |        1 |       240 |            0.42 |
| I/O                     |     2.856 |       17 |       210 |            8.10 |
| Static Power            |     0.808 |          |           |                 |
| Total                   |    69.654 |          |           |                 |
+-------------------------+-----------+----------+-----------+-----------------+


1.2 Power Supply Summary
------------------------

+-----------+-------------+-----------+-------------+------------+-------------+-------------+------------+
| Source    | Voltage (V) | Total (A) | Dynamic (A) | Static (A) | Powerup (A) | Budget (A)  | Margin (A) |
+-----------+-------------+-----------+-------------+------------+-------------+-------------+------------+
| Vccint    |       1.000 |    66.462 |      65.894 |      0.568 |       NA    | Unspecified | NA         |
| Vccaux    |       1.800 |     0.197 |       0.104 |      0.093 |       NA    | Unspecified | NA         |
| Vcco33    |       3.300 |     0.810 |       0.806 |      0.004 |       NA    | Unspecified | NA         |
| Vcco25    |       2.500 |     0.000 |       0.000 |      0.000 |       NA    | Unspecified | NA         |
| Vcco18    |       1.800 |     0.000 |       0.000 |      0.000 |       NA    | Unspecified | NA         |
| Vcco15    |       1.500 |     0.000 |       0.000 |      0.000 |       NA    | Unspecified | NA         |
| Vcco135   |       1.350 |     0.000 |       0.000 |      0.000 |       NA    | Unspecified | NA         |
| Vcco12    |       1.200 |     0.000 |       0.000 |      0.000 |       NA    | Unspecified | NA         |
| Vccaux_io |       1.800 |     0.000 |       0.000 |      0.000 |       NA    | Unspecified | NA         |
| Vccbram   |       1.000 |     0.127 |       0.104 |      0.024 |       NA    | Unspecified | NA         |
| MGTAVcc   |       1.000 |     0.000 |       0.000 |      0.000 |       NA    | Unspecified | NA         |
| MGTAVtt   |       1.200 |     0.000 |       0.000 |      0.000 |       NA    | Unspecified | NA         |
| Vccadc    |       1.800 |     0.020 |       0.000 |      0.020 |       NA    | Unspecified | NA         |
+-----------+-------------+-----------+-------------+------------+-------------+-------------+------------+


1.3 Confidence Level
--------------------

+-----------------------------+------------+--------------------------------------------------------+--------------------------------------------------------------------------------------------------------------------+
| User Input Data             | Confidence | Details                                                | Action                                                                                                             |
+-----------------------------+------------+--------------------------------------------------------+--------------------------------------------------------------------------------------------------------------------+
| Design implementation state | High       | Design is routed                                       |                                                                                                                    |
| Clock nodes activity        | Low        | User specified less than 75% of clocks                 | Provide missing clock activity with a constraint file, simulation results or by editing the "By Clock Domain" view |
| I/O nodes activity          | Low        | More than 75% of inputs are missing user specification | Provide missing input activity with simulation results or by editing the "By Resource Type -> I/Os" view           |
| Internal nodes activity     | Medium     | User specified less than 25% of internal nodes         | Provide missing internal nodes activity with simulation results or by editing the "By Resource Type" views         |
| Device models               | High       | Device models are Production                           |                                                                                                                    |
|                             |            |                                                        |                                                                                                                    |
| Overall confidence level    | Low        |                                                        |                                                                                                                    |
+-----------------------------+------------+--------------------------------------------------------+--------------------------------------------------------------------------------------------------------------------+


2. Settings
-----------

2.1 Environment
---------------

+-----------------------+--------------------------+
| Ambient Temp (C)      | 25.0                     |
| ThetaJA (C/W)         | 4.6                      |
| Airflow (LFM)         | 250                      |
| Heat Sink             | medium (Medium Profile)  |
| ThetaSA (C/W)         | 4.6                      |
| Board Selection       | medium (10"x10")         |
| # of Board Layers     | 12to15 (12 to 15 Layers) |
| Board Temperature (C) | 25.0                     |
+-----------------------+--------------------------+


2.2 Clock Constraints
---------------------

+-------+--------+-----------------+
| Clock | Domain | Constraint (ns) |
+-------+--------+-----------------+


3. Detailed Reports
-------------------

3.1 By Hierarchy
----------------

+----------------------+-----------+
| Name                 | Power (W) |
+----------------------+-----------+
| Wrapper              |    68.845 |
|   CPU                |    52.839 |
|     ALUA             |     1.086 |
|     ALUB             |     0.692 |
|     DX               |    17.156 |
|       A              |     0.078 |
|       B              |     0.081 |
|       IR             |    16.030 |
|       PC             |     0.966 |
|     FD               |    14.864 |
|       IR             |    13.923 |
|       PC             |     0.942 |
|     MULTDIV          |     7.285 |
|       A              |     0.245 |
|       DIV            |     2.297 |
|       MUL            |     4.743 |
|     MW               |     5.122 |
|       BD             |     0.201 |
|       IR             |     4.440 |
|       O              |     0.316 |
|       rd             |     0.165 |
|     PC               |     1.193 |
|       dff0           |     0.068 |
|       dff1           |     0.113 |
|       dff10          |     0.053 |
|       dff11          |     0.094 |
|       dff12          |     0.025 |
|       dff13          |     0.021 |
|       dff14          |     0.017 |
|       dff15          |     0.018 |
|       dff16          |     0.004 |
|       dff17          |     0.014 |
|       dff18          |     0.025 |
|       dff19          |     0.096 |
|       dff2           |     0.048 |
|       dff20          |     0.023 |
|       dff21          |     0.021 |
|       dff22          |     0.020 |
|       dff23          |     0.014 |
|       dff24          |     0.009 |
|       dff25          |     0.006 |
|       dff26          |     0.004 |
|       dff27          |     0.102 |
|       dff28          |     0.010 |
|       dff29          |     0.007 |
|       dff3           |     0.123 |
|       dff30          |     0.007 |
|       dff31          |     0.003 |
|       dff4           |     0.043 |
|       dff5           |     0.049 |
|       dff6           |     0.056 |
|       dff7           |     0.033 |
|       dff8           |     0.031 |
|       dff9           |     0.038 |
|     PW               |     1.730 |
|       IR             |     1.487 |
|       P              |     0.234 |
|       latchException |     0.009 |
|     XM               |     3.689 |
|       BD             |     0.084 |
|       IR             |     0.135 |
|       O              |     0.954 |
|       rd__0          |     2.515 |
|   InstMem            |     1.121 |
|   ProcMem            |     1.035 |
|   RegisterFile       |     9.816 |
|     reg1             |     0.291 |
|       dff0           |     0.008 |
|       dff1           |     0.007 |
|       dff10          |     0.008 |
|       dff11          |     0.010 |
|       dff12          |     0.008 |
|       dff13          |     0.007 |
|       dff14          |     0.011 |
|       dff15          |     0.008 |
|       dff16          |     0.007 |
|       dff17          |     0.008 |
|       dff18          |     0.011 |
|       dff19          |     0.007 |
|       dff2           |     0.010 |
|       dff20          |     0.009 |
|       dff21          |     0.012 |
|       dff22          |     0.009 |
|       dff23          |     0.010 |
|       dff24          |     0.009 |
|       dff25          |     0.009 |
|       dff26          |     0.007 |
|       dff27          |     0.009 |
|       dff28          |     0.007 |
|       dff29          |     0.009 |
|       dff3           |     0.010 |
|       dff30          |     0.012 |
|       dff31          |     0.010 |
|       dff4           |     0.009 |
|       dff5           |     0.013 |
|       dff6           |     0.011 |
|       dff7           |     0.008 |
|       dff8           |     0.009 |
|       dff9           |     0.010 |
|     reg10            |     0.256 |
|       dff0           |     0.006 |
|       dff1           |     0.009 |
|       dff10          |     0.009 |
|       dff11          |     0.009 |
|       dff12          |     0.008 |
|       dff13          |     0.009 |
|       dff14          |     0.007 |
|       dff15          |     0.008 |
|       dff16          |     0.007 |
|       dff17          |     0.007 |
|       dff18          |     0.008 |
|       dff19          |     0.009 |
|       dff2           |     0.008 |
|       dff20          |     0.009 |
|       dff21          |     0.009 |
|       dff22          |     0.007 |
|       dff23          |     0.007 |
|       dff24          |     0.008 |
|       dff25          |     0.008 |
|       dff26          |     0.010 |
|       dff27          |     0.008 |
|       dff28          |     0.006 |
|       dff29          |     0.009 |
|       dff3           |     0.007 |
|       dff30          |     0.007 |
|       dff31          |     0.007 |
|       dff4           |     0.007 |
|       dff5           |     0.009 |
|       dff6           |     0.008 |
|       dff7           |     0.008 |
|       dff8           |     0.008 |
|       dff9           |     0.009 |
|     reg12            |     0.002 |
|     reg13            |     0.210 |
|       dff0           |     0.006 |
|       dff1           |     0.007 |
|       dff10          |     0.006 |
|       dff11          |     0.008 |
|       dff12          |     0.007 |
|       dff13          |     0.007 |
|       dff14          |     0.007 |
|       dff15          |     0.006 |
|       dff16          |     0.008 |
|       dff17          |     0.007 |
|       dff18          |     0.007 |
|       dff19          |     0.008 |
|       dff2           |     0.007 |
|       dff20          |     0.007 |
|       dff21          |     0.005 |
|       dff22          |     0.007 |
|       dff23          |     0.008 |
|       dff24          |     0.007 |
|       dff25          |     0.007 |
|       dff26          |     0.006 |
|       dff27          |     0.007 |
|       dff28          |     0.006 |
|       dff29          |     0.007 |
|       dff3           |     0.006 |
|       dff30          |     0.006 |
|       dff31          |     0.007 |
|       dff4           |     0.006 |
|       dff5           |     0.006 |
|       dff6           |     0.005 |
|       dff7           |     0.004 |
|       dff8           |     0.007 |
|       dff9           |     0.005 |
|     reg14            |     0.001 |
|     reg16            |     0.358 |
|       dff0           |     0.010 |
|       dff1           |     0.015 |
|       dff10          |     0.011 |
|       dff11          |     0.009 |
|       dff12          |     0.009 |
|       dff13          |     0.012 |
|       dff14          |     0.009 |
|       dff15          |     0.009 |
|       dff16          |     0.010 |
|       dff17          |     0.012 |
|       dff18          |     0.013 |
|       dff19          |     0.010 |
|       dff2           |     0.013 |
|       dff20          |     0.010 |
|       dff21          |     0.012 |
|       dff22          |     0.011 |
|       dff23          |     0.016 |
|       dff24          |     0.013 |
|       dff25          |     0.012 |
|       dff26          |     0.013 |
|       dff27          |     0.013 |
|       dff28          |     0.013 |
|       dff29          |     0.012 |
|       dff3           |     0.011 |
|       dff30          |     0.008 |
|       dff31          |     0.007 |
|       dff4           |     0.012 |
|       dff5           |     0.009 |
|       dff6           |     0.009 |
|       dff7           |     0.013 |
|       dff8           |     0.011 |
|       dff9           |     0.013 |
|     reg17            |     0.001 |
|     reg18            |     0.001 |
|     reg19            |     0.179 |
|       dff0           |     0.005 |
|       dff1           |     0.004 |
|       dff10          |     0.007 |
|       dff11          |     0.006 |
|       dff12          |     0.005 |
|       dff13          |     0.006 |
|       dff14          |     0.004 |
|       dff15          |     0.007 |
|       dff16          |     0.006 |
|       dff17          |     0.007 |
|       dff18          |     0.006 |
|       dff19          |     0.006 |
|       dff2           |     0.006 |
|       dff20          |     0.006 |
|       dff21          |     0.006 |
|       dff22          |     0.006 |
|       dff23          |     0.004 |
|       dff24          |     0.006 |
|       dff25          |     0.006 |
|       dff26          |     0.005 |
|       dff27          |     0.004 |
|       dff28          |     0.006 |
|       dff29          |     0.007 |
|       dff3           |     0.006 |
|       dff30          |     0.005 |
|       dff31          |     0.005 |
|       dff4           |     0.005 |
|       dff5           |     0.006 |
|       dff6           |     0.006 |
|       dff7           |     0.005 |
|       dff8           |     0.004 |
|       dff9           |     0.006 |
|     reg2             |     0.008 |
|       dff5           |     0.002 |
|     reg20            |     0.001 |
|     reg22            |     0.208 |
|       dff0           |     0.004 |
|       dff1           |     0.005 |
|       dff10          |     0.007 |
|       dff11          |     0.007 |
|       dff12          |     0.006 |
|       dff13          |     0.009 |
|       dff14          |     0.005 |
|       dff15          |     0.008 |
|       dff16          |     0.007 |
|       dff17          |     0.006 |
|       dff18          |     0.007 |
|       dff19          |     0.009 |
|       dff2           |     0.007 |
|       dff20          |     0.007 |
|       dff21          |     0.006 |
|       dff22          |     0.006 |
|       dff23          |     0.007 |
|       dff24          |     0.007 |
|       dff25          |     0.006 |
|       dff26          |     0.005 |
|       dff27          |     0.007 |
|       dff28          |     0.007 |
|       dff29          |     0.006 |
|       dff3           |     0.007 |
|       dff30          |     0.007 |
|       dff31          |     0.006 |
|       dff4           |     0.005 |
|       dff5           |     0.006 |
|       dff6           |     0.006 |
|       dff7           |     0.007 |
|       dff8           |     0.007 |
|       dff9           |     0.007 |
|     reg24            |     0.002 |
|     reg25            |     0.169 |
|       dff0           |     0.004 |
|       dff1           |     0.005 |
|       dff10          |     0.006 |
|       dff11          |     0.007 |
|       dff12          |     0.004 |
|       dff13          |     0.006 |
|       dff14          |     0.006 |
|       dff15          |     0.005 |
|       dff16          |     0.007 |
|       dff17          |     0.007 |
|       dff18          |     0.005 |
|       dff19          |     0.005 |
|       dff2           |     0.006 |
|       dff20          |     0.005 |
|       dff21          |     0.006 |
|       dff22          |     0.006 |
|       dff23          |     0.005 |
|       dff24          |     0.005 |
|       dff25          |     0.005 |
|       dff26          |     0.004 |
|       dff27          |     0.005 |
|       dff28          |     0.006 |
|       dff29          |     0.004 |
|       dff3           |     0.005 |
|       dff30          |     0.005 |
|       dff31          |     0.006 |
|       dff4           |     0.006 |
|       dff5           |     0.006 |
|       dff6           |     0.005 |
|       dff7           |     0.005 |
|       dff8           |     0.005 |
|       dff9           |     0.003 |
|     reg26            |     0.001 |
|     reg28            |     0.113 |
|       dff0           |     0.003 |
|       dff1           |     0.003 |
|       dff10          |     0.004 |
|       dff11          |     0.003 |
|       dff12          |     0.004 |
|       dff13          |     0.005 |
|       dff14          |     0.003 |
|       dff15          |     0.004 |
|       dff16          |     0.005 |
|       dff17          |     0.003 |
|       dff18          |     0.004 |
|       dff19          |     0.003 |
|       dff2           |     0.005 |
|       dff20          |     0.004 |
|       dff21          |     0.004 |
|       dff22          |     0.004 |
|       dff23          |     0.004 |
|       dff24          |     0.004 |
|       dff25          |     0.003 |
|       dff26          |     0.004 |
|       dff27          |     0.003 |
|       dff28          |     0.004 |
|       dff29          |     0.004 |
|       dff3           |     0.003 |
|       dff30          |     0.004 |
|       dff31          |     0.003 |
|       dff4           |     0.003 |
|       dff5           |     0.004 |
|       dff6           |     0.003 |
|       dff7           |     0.003 |
|       dff8           |     0.003 |
|       dff9           |     0.003 |
|     reg3             |     0.001 |
|     reg31            |     4.120 |
|       dff0           |     0.074 |
|       dff1           |     0.089 |
|       dff10          |     0.124 |
|       dff11          |     0.114 |
|       dff12          |     0.135 |
|       dff13          |     0.135 |
|       dff14          |     0.147 |
|       dff15          |     0.128 |
|       dff16          |     0.134 |
|       dff17          |     0.141 |
|       dff18          |     0.148 |
|       dff19          |     0.171 |
|       dff2           |     0.111 |
|       dff20          |     0.128 |
|       dff21          |     0.121 |
|       dff22          |     0.145 |
|       dff23          |     0.153 |
|       dff24          |     0.140 |
|       dff25          |     0.131 |
|       dff26          |     0.133 |
|       dff27          |     0.135 |
|       dff28          |     0.138 |
|       dff29          |     0.142 |
|       dff3           |     0.119 |
|       dff30          |     0.110 |
|       dff31          |     0.133 |
|       dff4           |     0.112 |
|       dff5           |     0.133 |
|       dff6           |     0.106 |
|       dff7           |     0.132 |
|       dff8           |     0.131 |
|       dff9           |     0.126 |
|     reg4             |     1.054 |
|       dff0           |     0.019 |
|       dff1           |     0.031 |
|       dff10          |     0.036 |
|       dff11          |     0.028 |
|       dff12          |     0.031 |
|       dff13          |     0.032 |
|       dff14          |     0.040 |
|       dff15          |     0.029 |
|       dff16          |     0.043 |
|       dff17          |     0.037 |
|       dff18          |     0.037 |
|       dff19          |     0.039 |
|       dff2           |     0.031 |
|       dff20          |     0.036 |
|       dff21          |     0.044 |
|       dff22          |     0.038 |
|       dff23          |     0.035 |
|       dff24          |     0.035 |
|       dff25          |     0.034 |
|       dff26          |     0.034 |
|       dff27          |     0.034 |
|       dff28          |     0.029 |
|       dff29          |     0.029 |
|       dff3           |     0.022 |
|       dff30          |     0.041 |
|       dff31          |     0.032 |
|       dff4           |     0.031 |
|       dff5           |     0.031 |
|       dff6           |     0.030 |
|       dff7           |     0.026 |
|       dff8           |     0.028 |
|       dff9           |     0.031 |
|     reg5             |     0.001 |
|     reg6             |     0.002 |
|     reg7             |     0.226 |
|       dff0           |     0.005 |
|       dff1           |     0.008 |
|       dff10          |     0.006 |
|       dff11          |     0.008 |
|       dff12          |     0.008 |
|       dff13          |     0.008 |
|       dff14          |     0.010 |
|       dff15          |     0.007 |
|       dff16          |     0.008 |
|       dff17          |     0.008 |
|       dff18          |     0.006 |
|       dff19          |     0.007 |
|       dff2           |     0.006 |
|       dff20          |     0.006 |
|       dff21          |     0.007 |
|       dff22          |     0.008 |
|       dff23          |     0.007 |
|       dff24          |     0.008 |
|       dff25          |     0.009 |
|       dff26          |     0.006 |
|       dff27          |     0.008 |
|       dff28          |     0.007 |
|       dff29          |     0.007 |
|       dff3           |     0.007 |
|       dff30          |     0.007 |
|       dff31          |     0.007 |
|       dff4           |     0.007 |
|       dff5           |     0.004 |
|       dff6           |     0.007 |
|       dff7           |     0.008 |
|       dff8           |     0.007 |
|       dff9           |     0.008 |
|     reg8             |     0.002 |
|     reg9             |     0.001 |
|     rs2_read         |     2.601 |
|   vga                |     0.993 |
|     Display          |     0.356 |
|     ImageData        |     0.235 |
|     SpritesData      |     0.056 |
+----------------------+-----------+


